// Jest Snapshot v1, https://goo.gl/fbAQLP

exports[`Connected UserList - snapshot match snapshot 1`] = `
Array [
  <div
    className="column"
  >
    <div
      className="category_title"
    >
      Applied
    </div>
    <div
      className="UserCard-user_card-0-1-3"
    >
      <div
        className="UserCard-user_info-0-1-4"
      >
        <div
          className="UserCard-user_photo-0-1-5"
        >
          <img
            alt="mr carlos lynch"
            src="https://randomuser.me/api/portraits/thumb/men/27.jpg"
          />
        </div>
        <div
          className="UserCard-user_name-0-1-6"
        >
          mr carlos lynch
          <div>
            plymouth
          </div>
        </div>
      </div>
      <div
        className="UserCard-controls-0-1-7"
      >
        <button
          onClick={[Function]}
        >
          Right
        </button>
      </div>
    </div>
    <div
      className="UserCard-user_card-0-1-3"
    >
      <div
        className="UserCard-user_info-0-1-4"
      >
        <div
          className="UserCard-user_photo-0-1-5"
        >
          <img
            alt="mrs isabella perez"
            src="https://randomuser.me/api/portraits/thumb/women/67.jpg"
          />
        </div>
        <div
          className="UserCard-user_name-0-1-6"
        >
          mrs isabella perez
          <div>
            truro
          </div>
        </div>
      </div>
      <div
        className="UserCard-controls-0-1-7"
      >
        <button
          onClick={[Function]}
        >
          Right
        </button>
      </div>
    </div>
  </div>,
  <div
    className="column"
  >
    <div
      className="category_title"
    >
      Interviewed
    </div>
    <div
      className="UserCard-user_card-0-1-3"
    >
      <div
        className="UserCard-user_info-0-1-4"
      >
        <div
          className="UserCard-user_photo-0-1-5"
        >
          <img
            alt="ms maya davies"
            src="https://randomuser.me/api/portraits/thumb/women/37.jpg"
          />
        </div>
        <div
          className="UserCard-user_name-0-1-6"
        >
          ms maya davies
          <div>
            chichester
          </div>
        </div>
      </div>
      <div
        className="UserCard-controls-0-1-7"
      >
        <button
          onClick={[Function]}
        >
          Left
        </button>
        <button
          onClick={[Function]}
        >
          Right
        </button>
      </div>
    </div>
  </div>,
  <div
    className="column"
  >
    <div
      className="category_title"
    >
      Hired
    </div>
    <div
      className="UserCard-user_card-0-1-3"
    >
      <div
        className="UserCard-user_info-0-1-4"
      >
        <div
          className="UserCard-user_photo-0-1-5"
        >
          <img
            alt="mrs vicki nelson"
            src="https://randomuser.me/api/portraits/thumb/women/27.jpg"
          />
        </div>
        <div
          className="UserCard-user_name-0-1-6"
        >
          mrs vicki nelson
          <div>
            truro
          </div>
        </div>
      </div>
      <div
        className="UserCard-controls-0-1-7"
      >
        <button
          onClick={[Function]}
        >
          Left
        </button>
      </div>
    </div>
    <div
      className="UserCard-user_card-0-1-3"
    >
      <div
        className="UserCard-user_info-0-1-4"
      >
        <div
          className="UserCard-user_photo-0-1-5"
        >
          <img
            alt="mrs ellie wilson"
            src="https://randomuser.me/api/portraits/thumb/women/32.jpg"
          />
        </div>
        <div
          className="UserCard-user_name-0-1-6"
        >
          mrs ellie wilson
          <div>
            armagh
          </div>
        </div>
      </div>
      <div
        className="UserCard-controls-0-1-7"
      >
        <button
          onClick={[Function]}
        >
          Left
        </button>
      </div>
    </div>
  </div>,
]
`;

exports[`UserList - snapshot capturing snapshot of UserList 1`] = `
<React.Fragment>
  <div
    className="column"
  >
    <div
      className="category_title"
    >
      Applied
    </div>
  </div>
  <div
    className="column"
  >
    <div
      className="category_title"
    >
      Interviewed
    </div>
  </div>
  <div
    className="column"
  >
    <div
      className="category_title"
    >
      Hired
    </div>
  </div>
</React.Fragment>
`;
