// Jest Snapshot v1, https://goo.gl/fbAQLP

exports[`App - Snapshot capturing Snapshot of App 1`] = `
<div>
  <div>
    <Connect(FilterForm) />
  </div>
  <div>
    <h2>
      Loading...
    </h2>
  </div>
</div>
`;
